Script started on 2019-11-18 00:11:34+0200
]0;vyacheslav@Vyacheslav-PC: ~/Рабочий стол/blog/HW-5[01;32mvyacheslav@Vyacheslav-PC[00m:[01;34m~/Рабочий стол/blog/HW-5[00m$ кфш[K[K[Krails db:migarera[K[K[K[K[K[K[K[K[K[K[Kg migration A[KLinksAuthir s[K[A[C[C[C[C[C[C[C[C[C[C[C[C[C[C[C[C[C[C[C[C[C[C[C[C[C[C[C[C[C[C[C[C[C[C[C[C[C[C[C[C[C[C[C[C[C[C[C[C[C[C[C[C[C[C[C[C[C[C[C[C[C[C[C[C[C[C[C[C[C[C[C[C[C[C[C[C[C[C[C[K
[K[A[C[C[C[C[C[C[C[C[C[C[C[C[C[C[C[C[C[C[C[C[C[C[C[C[C[C[C[C[C[C[C[C[C[C[C[C[C[C[C[C[C[C[C[C[C[C[C[C[C[C[C[C[C[C[C[C[C[C[C[C[C[C[C[C[C[C[C[C[C[C[C[C[C[C[C[C[C[C[C[Kor sAndPosts
Running via Spring preloader in process 18355
[1m[37m      invoke[0m  active_record
[1m[32m      create[0m    db/migrate/20191117222319_links_authors_and_posts.rb
]0;vyacheslav@Vyacheslav-PC: ~/Рабочий стол/blog/HW-5[01;32mvyacheslav@Vyacheslav-PC[00m:[01;34m~/Рабочий стол/blog/HW-5[00m$ rails db:migrate
== 20191117222319 LinksAuthorsAndPosts: migrating =============================
-- add_reference(:posts, :author)
   -> 0.0090s
== 20191117222319 LinksAuthorsAndPosts: migrated (0.0092s) ====================

]0;vyacheslav@Vyacheslav-PC: ~/Рабочий стол/blog/HW-5[01;32mvyacheslav@Vyacheslav-PC[00m:[01;34m~/Рабочий стол/blog/HW-5[00m$ po[K[Krails c
Running via Spring preloader in process 20436
Loading development environment (Rails 6.0.1)
2.6.3 :001 > Post.last
  [1m[35m (1.0ms)[0m  [1m[34mSELECT sqlite_version(*)[0m
  [1m[36mPost Load (0.4ms)[0m  [1m[34mSELECT "posts".* FROM "posts" ORDER BY "posts"."id" DESC LIMIT ?[0m  [["LIMIT", 1]]
 => #<Post id: 1, name: "mhgmhg", title: "hgmhg", content: "hgmhgmg", created_at: "2019-11-17 23:17:02", updated_at: "2019-11-17 23:17:02", author_id: 3> 
2.6.3 :002 > exit
]0;vyacheslav@Vyacheslav-PC: ~/Рабочий стол/blog/HW-5[01;32mvyacheslav@Vyacheslav-PC[00m:[01;34m~/Рабочий стол/blog/HW-5[00m$ f\[K[Kgit ad[K[Kstatus
На ветке master
Ваша ветка обновлена в соответствии с «origin/master».

Изменения, которые не в индексе для коммита:
  (используйте «git add <файл>…», чтобы добавить файл в индекс)
  (используйте «git checkout -- <файл>…», чтобы отменить изменения
   в рабочем каталоге)

	[31mизменено:      app/controllers/posts_controller.rb[m
	[31mизменено:      app/models/author.rb[m
	[31mизменено:      app/models/post.rb[m
	[31mизменено:      app/views/posts/_form.html.erb[m
	[31mизменено:      app/views/posts/index.html.erb[m
	[31mизменено:      app/views/posts/show.html.erb[m
	[31mизменено:      db/schema.rb[m

Неотслеживаемые файлы:
  (используйте «git add <файл>…», чтобы добавить в то, что будет включено в коммит)

	[31mdb/migrate/20191117222319_links_authors_and_posts.rb[m
	[31mtypescript[m

нет изменений добавленных для коммита
(используйте «git add» и/или «git commit -a»)
]0;vyacheslav@Vyacheslav-PC: ~/Рабочий стол/blog/HW-5[01;32mvyacheslav@Vyacheslav-PC[00m:[01;34m~/Рабочий стол/blog/HW-5[00m$ git add .
]0;vyacheslav@Vyacheslav-PC: ~/Рабочий стол/blog/HW-5[01;32mvyacheslav@Vyacheslav-PC[00m:[01;34m~/Рабочий стол/blog/HW-5[00m$ git coomit -m "F[KF[Kadded authors  to posts"
git: «coomit» не является командой git. Смотрите «git --help».

Самые похожие команды:
	commit
]0;vyacheslav@Vyacheslav-PC: ~/Рабочий стол/blog/HW-5[01;32mvyacheslav@Vyacheslav-PC[00m:[01;34m~/Рабочий стол/blog/HW-5[00m$ git coom[K[Kmmit -m "added authors  to posts"
[master 1f1e44f] added authors to posts
 9 files changed, 16 insertions(+), 6 deletions(-)
 create mode 100644 db/migrate/20191117222319_links_authors_and_posts.rb
 create mode 100644 typescript
]0;vyacheslav@Vyacheslav-PC: ~/Рабочий стол/blog/HW-5[01;32mvyacheslav@Vyacheslav-PC[00m:[01;34m~/Рабочий стол/blog/HW-5[00m$ git push irugun [K[K[K[K[K[K[Korigin masste[K[K[Kter
Username for 'https://github.com': sspay
Password for 'https://sspay@github.com': 
Подсчет объектов: 17, готово.
Delta compression using up to 4 threads.
Сжатие объектов:   5% (1/17)   Сжатие объектов:  11% (2/17)   Сжатие объектов:  17% (3/17)   Сжатие объектов:  23% (4/17)   Сжатие объектов:  29% (5/17)   Сжатие объектов:  35% (6/17)   Сжатие объектов:  41% (7/17)   Сжатие объектов:  47% (8/17)   Сжатие объектов:  52% (9/17)   Сжатие объектов:  58% (10/17)   Сжатие объектов:  64% (11/17)   Сжатие объектов:  70% (12/17)   Сжатие объектов:  76% (13/17)   Сжатие объектов:  82% (14/17)   Сжатие объектов:  88% (15/17)   Сжатие объектов:  94% (16/17)   Сжатие объектов: 100% (17/17)   Сжатие объектов: 100% (17/17), готово.
Запись объектов:   5% (1/17)   Запись объектов:  11% (2/17)   Запись объектов:  17% (3/17)   Запись объектов:  23% (4/17)   Запись объектов:  29% (5/17)   Запись объектов:  35% (6/17)   Запись объектов:  41% (7/17)   Запись объектов:  47% (8/17)   Запись объектов:  52% (9/17)   Запись объектов:  58% (10/17)   Запись объектов:  64% (11/17)   Запись объектов:  70% (12/17)   Запись объектов:  76% (13/17)   Запись объектов:  82% (14/17)   Запись объектов:  88% (15/17)   Запись объектов:  94% (16/17)   Запись объектов: 100% (17/17)   Запись объектов: 100% (17/17), 1.59 KiB | 1.59 MiB/s, готово.
Total 17 (delta 12), reused 0 (delta 0)
remote: Resolving deltas:   0% (0/12)[Kremote: Resolving deltas:   8% (1/12)[Kremote: Resolving deltas:  16% (2/12)[Kremote: Resolving deltas:  25% (3/12)[Kremote: Resolving deltas:  33% (4/12)[Kremote: Resolving deltas:  41% (5/12)[Kremote: Resolving deltas:  50% (6/12)[Kremote: Resolving deltas:  58% (7/12)[Kremote: Resolving deltas:  66% (8/12)[Kremote: Resolving deltas:  75% (9/12)[Kremote: Resolving deltas:  83% (10/12)[Kremote: Resolving deltas:  91% (11/12)[Kremote: Resolving deltas: 100% (12/12)[Kremote: Resolving deltas: 100% (12/12), completed with 12 local objects.[K
To https://github.com/SsPay/HW-5.git
   037b843..1f1e44f  master -> master
]0;vyacheslav@Vyacheslav-PC: ~/Рабочий стол/blog/HW-5[01;32mvyacheslav@Vyacheslav-PC[00m:[01;34m~/Рабочий стол/blog/HW-5[00m$ пше [K[K[K[Kgit add .
]0;vyacheslav@Vyacheslav-PC: ~/Рабочий стол/blog/HW-5[01;32mvyacheslav@Vyacheslav-PC[00m:[01;34m~/Рабочий стол/blog/HW-5[00m$ git commit -m "added authors  to posts:
> 
> g
> exit
> ^C
]0;vyacheslav@Vyacheslav-PC: ~/Рабочий стол/blog/HW-5[01;32mvyacheslav@Vyacheslav-PC[00m:[01;34m~/Рабочий стол/blog/HW-5[00m$ git commit -m "added authors tto posts:

g
exit[K[K[K[K[K[A[C[K[K[A[K[A[C[C[C[C[C[C[C[C[C[K"
[master 40afed6] added authors to posts
 5 files changed, 56 insertions(+), 12 deletions(-)
]0;vyacheslav@Vyacheslav-PC: ~/Рабочий стол/blog/HW-5[01;32mvyacheslav@Vyacheslav-PC[00m:[01;34m~/Рабочий стол/blog/HW-5[00m$ git pi[Kush origin master
Username for 'https://github.com': sspay
Password for 'https://sspay@github.com': 
Подсчет объектов: 11, готово.
Delta compression using up to 4 threads.
Сжатие объектов:   9% (1/11)   Сжатие объектов:  18% (2/11)   Сжатие объектов:  27% (3/11)   Сжатие объектов:  36% (4/11)   Сжатие объектов:  45% (5/11)   Сжатие объектов:  54% (6/11)   Сжатие объектов:  63% (7/11)   Сжатие объектов:  72% (8/11)   Сжатие объектов:  81% (9/11)   Сжатие объектов:  90% (10/11)   Сжатие объектов: 100% (11/11)   Сжатие объектов: 100% (11/11), готово.
Запись объектов:   9% (1/11)   Запись объектов:  18% (2/11)   Запись объектов:  27% (3/11)   Запись объектов:  36% (4/11)   Запись объектов:  45% (5/11)   Запись объектов:  54% (6/11)   Запись объектов:  63% (7/11)   Запись объектов:  72% (8/11)   Запись объектов:  81% (9/11)   Запись объектов:  90% (10/11)   Запись объектов: 100% (11/11)   Запись объектов: 100% (11/11), 2.02 KiB | 1.01 MiB/s, готово.
Total 11 (delta 8), reused 0 (delta 0)
remote: Resolving deltas:   0% (0/8)[Kremote: Resolving deltas:  12% (1/8)[Kremote: Resolving deltas:  25% (2/8)[Kremote: Resolving deltas:  37% (3/8)[Kremote: Resolving deltas:  50% (4/8)[Kremote: Resolving deltas:  62% (5/8)[Kremote: Resolving deltas:  75% (6/8)[Kremote: Resolving deltas:  87% (7/8)[Kremote: Resolving deltas: 100% (8/8)[Kremote: Resolving deltas: 100% (8/8), completed with 8 local objects.[K
To https://github.com/SsPay/HW-5.git
   1f1e44f..40afed6  master -> master
]0;vyacheslav@Vyacheslav-PC: ~/Рабочий стол/blog/HW-5[01;32mvyacheslav@Vyacheslav-PC[00m:[01;34m~/Рабочий стол/blog/HW-5[00m$ rails g model Comment usernam e:string body:text post:references
Running via Spring preloader in process 26848
[1m[37m      invoke[0m  active_record
[1m[32m      create[0m    db/migrate/20191118135142_create_comments.rb
[1m[32m      create[0m    app/models/comment.rb
[1m[37m      invoke[0m    test_unit
[1m[32m      create[0m      test/models/comment_test.rb
[1m[32m      create[0m      test/fixtures/comments.yml
]0;vyacheslav@Vyacheslav-PC: ~/Рабочий стол/blog/HW-5[01;32mvyacheslav@Vyacheslav-PC[00m:[01;34m~/Рабочий стол/blog/HW-5[00m$ rails db:migrate
== 20191118135142 CreateComments: migrating ===================================
-- create_table(:comments)
   -> 0.0104s
== 20191118135142 CreateComments: migrated (0.0107s) ==========================

]0;vyacheslav@Vyacheslav-PC: ~/Рабочий стол/blog/HW-5[01;32mvyacheslav@Vyacheslav-PC[00m:[01;34m~/Рабочий стол/blog/HW-5[00m$ rake routes
                               Prefix Verb   URI Pattern                                                                              Controller#Action
                                 root GET    /                                                                                        posts#index
                        post_comments GET    /posts/:post_id/comments(.:format)                                                       comments#index
                                      POST   /posts/:post_id/comments(.:format)                                                       comments#create
                     new_post_comment GET    /posts/:post_id/comments/new(.:format)                                                   comments#new
                    edit_post_comment GET    /posts/:post_id/comments/:id/edit(.:format)                                              comments#edit
                         post_comment GET    /posts/:post_id/comments/:id(.:format)                                                   comments#show
                                      PATCH  /posts/:post_id/comments/:id(.:format)                                                   comments#update
                                      PUT    /posts/:post_id/comments/:id(.:format)                                                   comments#update
                                      DELETE /posts/:post_id/comments/:id(.:format)                                                   comments#destroy
                                posts GET    /posts(.:format)                                                                         posts#index
                                      POST   /posts(.:format)                                                                         posts#create
                             new_post GET    /posts/new(.:format)                                                                     posts#new
                            edit_post GET    /posts/:id/edit(.:format)                                                                posts#edit
                                 post GET    /posts/:id(.:format)                                                                     posts#show
                                      PATCH  /posts/:id(.:format)                                                                     posts#update
                                      PUT    /posts/:id(.:format)                                                                     posts#update
                                      DELETE /posts/:id(.:format)                                                                     posts#destroy
        rails_mandrill_inbound_emails POST   /rails/action_mailbox/mandrill/inbound_emails(.:format)                                  action_mailbox/ingresses/mandrill/inbound_emails#create
        rails_postmark_inbound_emails POST   /rails/action_mailbox/postmark/inbound_emails(.:format)                                  action_mailbox/ingresses/postmark/inbound_emails#create
           rails_relay_inbound_emails POST   /rails/action_mailbox/relay/inbound_emails(.:format)                                     action_mailbox/ingresses/relay/inbound_emails#create
        rails_sendgrid_inbound_emails POST   /rails/action_mailbox/sendgrid/inbound_emails(.:format)                                  action_mailbox/ingresses/sendgrid/inbound_emails#create
         rails_mailgun_inbound_emails POST   /rails/action_mailbox/mailgun/inbound_emails/mime(.:format)                              action_mailbox/ingresses/mailgun/inbound_emails#create
       rails_conductor_inbound_emails GET    /rails/conductor/action_mailbox/inbound_emails(.:format)                                 rails/conductor/action_mailbox/inbound_emails#index
                                      POST   /rails/conductor/action_mailbox/inbound_emails(.:format)                                 rails/conductor/action_mailbox/inbound_emails#create
    new_rails_conductor_inbound_email GET    /rails/conductor/action_mailbox/inbound_emails/new(.:format)                             rails/conductor/action_mailbox/inbound_emails#new
   edit_rails_conductor_inbound_email GET    /rails/conductor/action_mailbox/inbound_emails/:id/edit(.:format)                        rails/conductor/action_mailbox/inbound_emails#edit
        rails_conductor_inbound_email GET    /rails/conductor/action_mailbox/inbound_emails/:id(.:format)                             rails/conductor/action_mailbox/inbound_emails#show
                                      PATCH  /rails/conductor/action_mailbox/inbound_emails/:id(.:format)                             rails/conductor/action_mailbox/inbound_emails#update
                                      PUT    /rails/conductor/action_mailbox/inbound_emails/:id(.:format)                             rails/conductor/action_mailbox/inbound_emails#update
                                      DELETE /rails/conductor/action_mailbox/inbound_emails/:id(.:format)                             rails/conductor/action_mailbox/inbound_emails#destroy
rails_conductor_inbound_email_reroute POST   /rails/conductor/action_mailbox/:inbound_email_id/reroute(.:format)                      rails/conductor/action_mailbox/reroutes#create
                   rails_service_blob GET    /rails/active_storage/blobs/:signed_id/*filename(.:format)                               active_storage/blobs#show
            rails_blob_representation GET    /rails/active_storage/representations/:signed_blob_id/:variation_key/*filename(.:format) active_storage/representations#show
                   rails_disk_service GET    /rails/active_storage/disk/:encoded_key/*filename(.:format)                              active_storage/disk#show
            update_rails_disk_service PUT    /rails/active_storage/disk/:encoded_token(.:format)                                      active_storage/disk#update
                 rails_direct_uploads POST   /rails/active_storage/direct_uploads(.:format)                                           active_storage/direct_uploads#create
]0;vyacheslav@Vyacheslav-PC: ~/Рабочий стол/blog/HW-5[01;32mvyacheslav@Vyacheslav-PC[00m:[01;34m~/Рабочий стол/blog/HW-5[00m$ rails g controller Comments
Running via Spring preloader in process 27132
[1m[32m      create[0m  app/controllers/comments_controller.rb
[1m[37m      invoke[0m  erb
[1m[32m      create[0m    app/views/comments
[1m[37m      invoke[0m  test_unit
[1m[32m      create[0m    test/controllers/comments_controller_test.rb
[1m[37m      invoke[0m  helper
[1m[32m      create[0m    app/helpers/comments_helper.rb
[1m[37m      invoke[0m    test_unit
[1m[37m      invoke[0m  assets
[1m[37m      invoke[0m    scss
[1m[32m      create[0m      app/assets/stylesheets/comments.scss
]0;vyacheslav@Vyacheslav-PC: ~/Рабочий стол/blog/HW-5[01;32mvyacheslav@Vyacheslav-PC[00m:[01;34m~/Рабочий стол/blog/HW-5[00m$ [K]0;vyacheslav@Vyacheslav-PC: ~/Рабочий стол/blog/HW-5[01;32mvyacheslav@Vyacheslav-PC[00m:[01;34m~/Рабочий стол/blog/HW-5[00m$ [K]0;vyacheslav@Vyacheslav-PC: ~/Рабочий стол/blog/HW-5[01;32mvyacheslav@Vyacheslav-PC[00m:[01;34m~/Рабочий стол/blog/HW-5[00m$ git add .
]0;vyacheslav@Vyacheslav-PC: ~/Рабочий стол/blog/HW-5[01;32mvyacheslav@Vyacheslav-PC[00m:[01;34m~/Рабочий стол/blog/HW-5[00m$ git commit -m "add b[K[Ked bootstra p"
[master a847520] added bootstrap
 20 files changed, 241 insertions(+), 46 deletions(-)
 create mode 100644 app/assets/stylesheets/comments.scss
 create mode 100644 app/controllers/comments_controller.rb
 create mode 100644 app/helpers/comments_helper.rb
 create mode 100644 app/models/comment.rb
 rewrite app/views/posts/index.html.erb (72%)
 create mode 100644 db/migrate/20191118135142_create_comments.rb
 create mode 100644 test/controllers/comments_controller_test.rb
 create mode 100644 test/fixtures/comments.yml
 create mode 100644 test/models/comment_test.rb
]0;vyacheslav@Vyacheslav-PC: ~/Рабочий стол/blog/HW-5[01;32mvyacheslav@Vyacheslav-PC[00m:[01;34m~/Рабочий стол/blog/HW-5[00m$ git push origin master
Username for 'https://github.com': sspay
Password for 'https://sspay@github.com': 
Подсчет объектов: 38, готово.
Delta compression using up to 4 threads.
Сжатие объектов:   2% (1/37)   Сжатие объектов:   5% (2/37)   Сжатие объектов:   8% (3/37)   Сжатие объектов:  10% (4/37)   Сжатие объектов:  13% (5/37)   Сжатие объектов:  16% (6/37)   Сжатие объектов:  18% (7/37)   Сжатие объектов:  21% (8/37)   Сжатие объектов:  24% (9/37)   Сжатие объектов:  27% (10/37)   Сжатие объектов:  29% (11/37)   Сжатие объектов:  32% (12/37)   Сжатие объектов:  35% (13/37)   Сжатие объектов:  37% (14/37)   Сжатие объектов:  40% (15/37)   Сжатие объектов:  43% (16/37)   Сжатие объектов:  45% (17/37)   Сжатие объектов:  48% (18/37)   Сжатие объектов:  51% (19/37)   Сжатие объектов:  54% (20/37)   Сжатие объектов:  56% (21/37)   Сжатие объектов:  59% (22/37)   Сжатие объектов:  62% (23/37)   Сжатие объектов:  64% (24/37)   Сжатие объектов:  67% (25/37)   Сжатие объектов:  70% (26/37)   Сжатие объектов:  72% (27/37)   Сжатие объектов:  75% (28/37)   Сжатие объектов:  78% (29/37)   Сжатие объектов:  81% (30/37)   Сжатие объектов:  83% (31/37)   Сжатие объектов:  86% (32/37)   Сжатие объектов:  89% (33/37)   Сжатие объектов:  91% (34/37)   Сжатие объектов:  94% (35/37)   Сжатие объектов:  97% (36/37)   Сжатие объектов: 100% (37/37)   Сжатие объектов: 100% (37/37), готово.
Запись объектов:   2% (1/38)   Запись объектов:   5% (2/38)   Запись объектов:   7% (3/38)   Запись объектов:  10% (4/38)   Запись объектов:  13% (5/38)   Запись объектов:  15% (6/38)   Запись объектов:  18% (7/38)   Запись объектов:  21% (8/38)   Запись объектов:  23% (9/38)   Запись объектов:  26% (10/38)   Запись объектов:  28% (11/38)   Запись объектов:  31% (12/38)   Запись объектов:  34% (13/38)   Запись объектов:  36% (14/38)   Запись объектов:  39% (15/38)   Запись объектов:  42% (16/38)   Запись объектов:  44% (17/38)   Запись объектов:  47% (18/38)   Запись объектов:  50% (19/38)   Запись объектов:  52% (20/38)   Запись объектов:  55% (21/38)   Запись объектов:  57% (22/38)   Запись объектов:  60% (23/38)   Запись объектов:  63% (24/38)   Запись объектов:  65% (25/38)   Запись объектов:  68% (26/38)   Запись объектов:  71% (27/38)   Запись объектов:  73% (28/38)   Запись объектов:  76% (29/38)   Запись объектов:  78% (30/38)   Запись объектов:  81% (31/38)   Запись объектов:  84% (32/38)   Запись объектов:  86% (33/38)   Запись объектов:  89% (34/38)   Запись объектов:  92% (35/38)   Запись объектов:  94% (36/38)   Запись объектов:  97% (37/38)   Запись объектов: 100% (38/38)   Запись объектов: 100% (38/38), 8.08 KiB | 1.01 MiB/s, готово.
Total 38 (delta 17), reused 0 (delta 0)
remote: Resolving deltas:   0% (0/17)[Kremote: Resolving deltas:   5% (1/17)[Kremote: Resolving deltas:  11% (2/17)[Kremote: Resolving deltas:  17% (3/17)[Kremote: Resolving deltas:  23% (4/17)[Kremote: Resolving deltas:  35% (6/17)[Kremote: Resolving deltas:  41% (7/17)[Kremote: Resolving deltas:  47% (8/17)[Kremote: Resolving deltas:  52% (9/17)[Kremote: Resolving deltas:  58% (10/17)[Kremote: Resolving deltas:  64% (11/17)[Kremote: Resolving deltas:  70% (12/17)[Kremote: Resolving deltas:  76% (13/17)[Kremote: Resolving deltas:  82% (14/17)[Kremote: Resolving deltas:  88% (15/17)[Kremote: Resolving deltas:  94% (16/17)[Kremote: Resolving deltas: 100% (17/17)[Kremote: Resolving deltas: 100% (17/17), completed with 16 local objects.[K
To https://github.com/SsPay/HW-5.git
   40afed6..a847520  master -> master
]0;vyacheslav@Vyacheslav-PC: ~/Рабочий стол/blog/HW-5[01;32mvyacheslav@Vyacheslav-PC[00m:[01;34m~/Рабочий стол/blog/HW-5[00m$ пше з[K[K[K[K[Kgit add .
]0;vyacheslav@Vyacheslav-PC: ~/Рабочий стол/blog/HW-5[01;32mvyacheslav@Vyacheslav-PC[00m:[01;34m~/Рабочий стол/blog/HW-5[00m$ git commit -m "ad[K[Kadded some byu tifull[K[K[K[K[K[K[A[C[C[C[C[C[C[C[C[C[C[C[C[C[C[C[C[C[C[C[C[C[C[C[C[C[C[C[C[C[C[C[C[C[C[C[C[C[C[C[C[C[C[C[C[C[C[C[C[C[C[C[C[C[C[C[C[C[C[C[C[C[C[C[C[C[C[C[C[C[C[C[C[C[C[C[C[C[C[C[K
[K[A[C[C[C[C[C[C[C[C[C[C[C[C[C[C[C[C[C[C[C[C[C[C[C[C[C[C[C[C[C[C[C[C[C[C[C[C[C[C[C[C[C[C[C[C[C[C[C[C[C[C[C[C[C[C[C[C[C[C[C[C[C[C[C[C[C[C[C[C[C[C[C[C[C[C[C[C[C[C[C[K[Kbeauutiful :D"
[master 0e8bb4b] added some beautiful :D
 7 files changed, 71 insertions(+), 26 deletions(-)
 create mode 100644 app/views/posts/_post.html.erb
 rewrite app/views/posts/index.html.erb (93%)
]0;vyacheslav@Vyacheslav-PC: ~/Рабочий стол/blog/HW-5[01;32mvyacheslav@Vyacheslav-PC[00m:[01;34m~/Рабочий стол/blog/HW-5[00m$ git push origin master
Username for 'https://github.com': sspay
Password for 'https://sspay@github.com': 
Подсчет объектов: 15, готово.
Delta compression using up to 4 threads.
Сжатие объектов:   6% (1/15)   Сжатие объектов:  13% (2/15)   Сжатие объектов:  20% (3/15)   Сжатие объектов:  26% (4/15)   Сжатие объектов:  33% (5/15)   Сжатие объектов:  40% (6/15)   Сжатие объектов:  46% (7/15)   Сжатие объектов:  53% (8/15)   Сжатие объектов:  60% (9/15)   Сжатие объектов:  66% (10/15)   Сжатие объектов:  73% (11/15)   Сжатие объектов:  80% (12/15)   Сжатие объектов:  86% (13/15)   Сжатие объектов:  93% (14/15)   Сжатие объектов: 100% (15/15)   Сжатие объектов: 100% (15/15), готово.
Запись объектов:   6% (1/15)   Запись объектов:  13% (2/15)   Запись объектов:  20% (3/15)   Запись объектов:  26% (4/15)   Запись объектов:  33% (5/15)   Запись объектов:  40% (6/15)   Запись объектов:  46% (7/15)   Запись объектов:  53% (8/15)   Запись объектов:  60% (9/15)   Запись объектов:  66% (10/15)   Запись объектов:  73% (11/15)   Запись объектов:  80% (12/15)   Запись объектов:  86% (13/15)   Запись объектов:  93% (14/15)   Запись объектов: 100% (15/15)   Запись объектов: 100% (15/15), 2.09 KiB | 2.09 MiB/s, готово.
Total 15 (delta 11), reused 0 (delta 0)
remote: Resolving deltas:   0% (0/11)[Kremote: Resolving deltas:   9% (1/11)[Kremote: Resolving deltas:  18% (2/11)[Kremote: Resolving deltas:  27% (3/11)[Kremote: Resolving deltas:  36% (4/11)[Kremote: Resolving deltas:  45% (5/11)[Kremote: Resolving deltas:  54% (6/11)[Kremote: Resolving deltas:  63% (7/11)[Kremote: Resolving deltas:  72% (8/11)[Kremote: Resolving deltas:  81% (9/11)[Kremote: Resolving deltas:  90% (10/11)[Kremote: Resolving deltas: 100% (11/11)[Kremote: Resolving deltas: 100% (11/11), completed with 11 local objects.[K
To https://github.com/SsPay/HW-5.git
   a847520..0e8bb4b  master -> master
]0;vyacheslav@Vyacheslav-PC: ~/Рабочий стол/blog/HW-5[01;32mvyacheslav@Vyacheslav-PC[00m:[01;34m~/Рабочий стол/blog/HW-5[00m$ rails c
Running via Spring preloader in process 12940
Loading development environment (Rails 6.0.1)
2.6.3 :001 > Post.impresions_count.all
[1mTraceback[m (most recent call last):
        1: from (irb):1
[1mNoMethodError ([4mundefined method `impresions_count' for Post (call 'Post.connection' to establish a connection):Class[0;1m)[m
[1mDid you mean?  impressionist_cache_options[m
2.6.3 :002 > Post.title.all
[1mTraceback[m (most recent call last):
        2: from (irb):2
        1: from (irb):2:in `rescue in irb_binding'
[1mNoMethodError ([4mundefined method `title' for Post (call 'Post.connection' to establish a connection):Class[0;1m)[m
2.6.3 :003 > Post.title
[1mTraceback[m (most recent call last):
        2: from (irb):3
        1: from (irb):3:in `rescue in irb_binding'
[1mNoMethodError ([4mundefined method `title' for Post (call 'Post.connection' to establish a connection):Class[0;1m)[m
2.6.3 :004 > Post.all
  [1m[35m (0.7ms)[0m  [1m[34mSELECT sqlite_version(*)[0m
  [1m[36mPost Load (0.2ms)[0m  [1m[34mSELECT "posts".* FROM "posts" LIMIT ?[0m  [["LIMIT", 11]]
 => #<ActiveRecord::Relation [#<Post id: 1, name: nil, title: "privet", content: "ioijhibho", created_at: "2019-11-18 19:09:24", updated_at: "2019-11-18 19:09:24", author_id: 3, impressions_count: nil>, #<Post id: 2, name: nil, title: "njnanfwe", content: "fklewnflewmg", created_at: "2019-11-18 20:54:48", updated_at: "2019-11-18 20:54:48", author_id: 3, impressions_count: nil>]> 
2.6.3 :005 > exit
]0;vyacheslav@Vyacheslav-PC: ~/Рабочий стол/blog/HW-5[01;32mvyacheslav@Vyacheslav-PC[00m:[01;34m~/Рабочий стол/blog/HW-5[00m$ git add .
]0;vyacheslav@Vyacheslav-PC: ~/Рабочий стол/blog/HW-5[01;32mvyacheslav@Vyacheslav-PC[00m:[01;34m~/Рабочий стол/blog/HW-5[00m$ git commit -m "added views co unter"
[master bf7abb2] added views counter
 10 files changed, 122 insertions(+), 3 deletions(-)
 create mode 100644 config/initializers/impression.rb
 create mode 100644 db/migrate/20191118204451_create_impressions_table.rb
 create mode 100644 db/migrate/20191118205038_add_impressions_count_to_posts.rb
]0;vyacheslav@Vyacheslav-PC: ~/Рабочий стол/blog/HW-5[01;32mvyacheslav@Vyacheslav-PC[00m:[01;34m~/Рабочий стол/blog/HW-5[00m$ git push origin master
Username for 'https://github.com': sspay
Password for 'https://sspay@github.com': 
Подсчет объектов: 21, готово.
Delta compression using up to 4 threads.
Сжатие объектов:   4% (1/21)   Сжатие объектов:   9% (2/21)   Сжатие объектов:  14% (3/21)   Сжатие объектов:  19% (4/21)   Сжатие объектов:  23% (5/21)   Сжатие объектов:  28% (6/21)   Сжатие объектов:  33% (7/21)   Сжатие объектов:  38% (8/21)   Сжатие объектов:  42% (9/21)   Сжатие объектов:  47% (10/21)   Сжатие объектов:  52% (11/21)   Сжатие объектов:  57% (12/21)   Сжатие объектов:  61% (13/21)   Сжатие объектов:  66% (14/21)   Сжатие объектов:  71% (15/21)   Сжатие объектов:  76% (16/21)   Сжатие объектов:  80% (17/21)   Сжатие объектов:  85% (18/21)   Сжатие объектов:  90% (19/21)   Сжатие объектов:  95% (20/21)   Сжатие объектов: 100% (21/21)   Сжатие объектов: 100% (21/21), готово.
Запись объектов:   4% (1/21)   Запись объектов:   9% (2/21)   Запись объектов:  14% (3/21)   Запись объектов:  19% (4/21)   Запись объектов:  23% (5/21)   Запись объектов:  28% (6/21)   Запись объектов:  33% (7/21)   Запись объектов:  38% (8/21)   Запись объектов:  42% (9/21)   Запись объектов:  47% (10/21)   Запись объектов:  52% (11/21)   Запись объектов:  57% (12/21)   Запись объектов:  61% (13/21)   Запись объектов:  66% (14/21)   Запись объектов:  71% (15/21)   Запись объектов:  76% (16/21)   Запись объектов:  80% (17/21)   Запись объектов:  85% (18/21)   Запись объектов:  90% (19/21)   Запись объектов:  95% (20/21)   Запись объекто